// Jest Snapshot v1, https://goo.gl/fbAQLP

exports[`the component renders 1`] = `
<div
  className="react-file-reader"
>
  <input
    accept="image/*"
    className="react-file-reader-input"
    id="test-render"
    multiple={undefined}
    onChange={[Function]}
    style={
      Object {
        "left": "-99999999px",
        "opacity": "0px",
        "position": "fixed",
        "width": "0px",
      }
    }
    type="file"
  />
  <div
    className="react-file-reader-button"
    onClick={[Function]}
  >
    <p>
      Upload
    </p>
  </div>
</div>
`;
